{
  "systems": 11,
  "organs": 60,
  "layers": 11,
  "figures": 4,
  "cooperation": 8,
  "words": 7995,
  "images": [
    {
      "id": "body",
      "licence": "CC BY 3.0",
      "author": "Connexions (OpenStax Anatomy and Physiology, Figure 1.4)",
      "bytes": 30154
    },
    {
      "id": "muscles",
      "licence": "CC BY 3.0",
      "author": "Connexions (OpenStax Anatomy and Physiology, Figure 1.4)",
      "bytes": 43483
    },
    {
      "id": "circulatory",
      "licence": "CC BY 3.0",
      "author": "Connexions (OpenStax Anatomy and Physiology, Figure 1.4)",
      "bytes": 50489
    },
    {
      "id": "respiratory",
      "licence": "CC BY 3.0",
      "author": "Connexions (OpenStax Anatomy and Physiology, Figure 1.4)",
      "bytes": 32398
    },
    {
      "id": "digestive",
      "licence": "CC BY 3.0",
      "author": "Connexions (OpenStax Anatomy and Physiology, Figure 1.4)",
      "bytes": 40697
    },
    {
      "id": "lymphatic",
      "licence": "CC BY 3.0",
      "author": "Connexions (OpenStax Anatomy and Physiology, Figure 1.4)",
      "bytes": 46925
    },
    {
      "id": "nervous",
      "licence": "CC BY 3.0",
      "author": "Connexions (OpenStax Anatomy and Physiology, Figure 1.4)",
      "bytes": 48296
    },
    {
      "id": "endocrine",
      "licence": "CC BY 3.0",
      "author": "Connexions (OpenStax Anatomy and Physiology, Figure 1.4)",
      "bytes": 39067
    },
    {
      "id": "urinary",
      "licence": "CC BY 3.0",
      "author": "Connexions (OpenStax Anatomy and Physiology, Figure 1.4)",
      "bytes": 31728
    },
    {
      "id": "reproductive",
      "licence": "CC BY 3.0",
      "author": "Connexions (OpenStax Anatomy and Physiology, Figure 1.4)",
      "bytes": 36540
    },
    {
      "id": "skeleton",
      "licence": "CC BY 3.0",
      "author": "Connexions (OpenStax Anatomy and Physiology, Figure 1.4)",
      "bytes": 40212
    },
    {
      "id": "male-reproductive-panel",
      "licence": "CC BY 3.0",
      "author": "Connexions (OpenStax Anatomy and Physiology, Figure 1.4)",
      "bytes": 32885
    },
    {
      "id": "skin-layers",
      "licence": "CC BY-SA 3.0",
      "author": "Madhero88 and M.Komorniczak",
      "bytes": 1902365
    },
    {
      "id": "female-reproductive",
      "licence": "Public domain",
      "author": "CDC, Mysid",
      "bytes": 463131
    },
    {
      "id": "male-reproductive",
      "licence": "CC BY-SA 4.0",
      "author": "RWhitwam",
      "bytes": 453624
    }
  ],
  "image_bytes": 3291994
}
