{
  "elements": 118,
  "images": {
    "total": 115,
    "sample": 96,
    "facility": 18,
    "related": 1,
    "noSampleFlagged": 20,
    "licences": {
      "FAL": 24,
      "CC BY-SA 4.0": 5,
      "CC BY-SA 3.0": 45,
      "CC BY 3.0": 10,
      "Public domain": 17,
      "CC BY-SA 2.5": 4,
      "CC BY-SA 3.0 de": 6,
      "CC BY-SA 2.0 de": 1,
      "CC BY 2.5": 1,
      "CC BY 4.0": 1,
      "CC BY 2.0": 1
    },
    "rejected": [
      {
        "z": 2,
        "file": "Helium discharge tube.jpg",
        "reason": "licence 'GFDL 1.2'"
      },
      {
        "z": 94,
        "file": "Plutonium ring.jpg",
        "reason": "licence 'Attribution'"
      }
    ],
    "withoutAnyImage": [
      2,
      87,
      94
    ]
  },
  "pugviewRecords": 0,
  "pugviewMissing": [
    1,
    2,
    3,
    4,
    5,
    6,
    7,
    8,
    9,
    10,
    11,
    12,
    13,
    14,
    15,
    16,
    17,
    18,
    19,
    20,
    21,
    22,
    23,
    24,
    25,
    26,
    27,
    28,
    29,
    30,
    31,
    32,
    33,
    34,
    35,
    36,
    37,
    38,
    39,
    40,
    41,
    42,
    43,
    44,
    45,
    46,
    47,
    48,
    49,
    50,
    51,
    52,
    53,
    54,
    55,
    56,
    57,
    58,
    59,
    60,
    61,
    62,
    63,
    64,
    65,
    66,
    67,
    68,
    69,
    70,
    71,
    72,
    73,
    74,
    75,
    76,
    77,
    78,
    79,
    80,
    81,
    82,
    83,
    84,
    85,
    86,
    87,
    88,
    89,
    90,
    91,
    92,
    93,
    94,
    95,
    96,
    97,
    98,
    99,
    100,
    101,
    102,
    103,
    104,
    105,
    106,
    107,
    108,
    109,
    110,
    111,
    112,
    113,
    114,
    115,
    116,
    117,
    118
  ],
  "nullCounts": {
    "group": 28,
    "electronegativity": 23,
    "ionizationEnergies": 10,
    "electronAffinity": 61,
    "oxidationStates": 1,
    "meltingPoint": 15,
    "boilingPoint": 25,
    "density": 22,
    "covalentRadius": 23,
    "vanDerWaalsRadius": 19,
    "crystalStructure": 5,
    "thermalConductivity": 24,
    "electricalConductivity": 63,
    "specificHeat": 32,
    "magneticOrdering": 22,
    "abundanceCrust": 24,
    "abundanceUniverse": 35,
    "discoverers": 11,
    "discoveryPlace": 71,
    "uses": 19,
    "biologicalRole": 73,
    "hazards": 29
  },
  "elapsedSeconds": 481.1
}
