{
  "stars": 9096,
  "stars_with_bv": 8786,
  "stars_named": 341,
  "names_matched_by_hr": 333,
  "names_matched_by_hd": 8,
  "iau_names_in_catalogue": 333,
  "magnitude_range": [
    -1.46,
    7.96
  ],
  "magnitude_histogram": {
    "+0": 11,
    "+1": 33,
    "+2": 122,
    "+3": 343,
    "+4": 1091,
    "+5": 3419,
    "+6": 4023,
    "+7": 50,
    "-1": 3,
    "-2": 1
  },
  "constellations": 88,
  "constellation_polylines": 150,
  "constellation_vertices": 893,
  "bytes": 255518,
  "byte_budget": 400000,
  "sources": {
    "stars": {
      "url": "http://tdc-www.harvard.edu/catalogs/bsc5.html",
      "licence": "Public domain"
    },
    "names": {
      "url": "https://www.iau.org/public/themes/naming_stars/",
      "licence": "CC BY 4.0"
    },
    "constellations": {
      "url": "https://github.com/ofrohn/d3-celestial",
      "licence": "BSD-3-Clause"
    }
  }
}
