{
  "moon_counts": {
    "earth": 1,
    "mars": 2,
    "jupiter": 115,
    "saturn": 291,
    "uranus": 30,
    "neptune": 16,
    "pluto": 5
  },
  "portraits": {
    "sun": "GSFC_20171208_Archive_e002069",
    "mercury": "GSFC_20171208_Archive_e001544",
    "venus": "PIA23791",
    "earth": "GSFC_20171208_Archive_e001386",
    "mars": "PIA21488",
    "jupiter": "PIA04866",
    "saturn": "PIA14582",
    "uranus": "PIA18182",
    "neptune": "8910708",
    "pluto": "PIA19698",
    "moon": "GSFC_20171208_Archive_e001939",
    "ceres": "PIA20351",
    "eris": "PIA17307",
    "haumea": null,
    "makemake": null
  },
  "horizons_cross_check": [
    {
      "body": "mercury",
      "field": "massKg",
      "sheet": 3.301e+23,
      "horizons": 3.302e+23,
      "diff": 0.0003
    },
    {
      "body": "mercury",
      "field": "radiusKm",
      "sheet": 2439.7,
      "horizons": 2439.4,
      "diff": 0.00012
    },
    {
      "body": "mercury",
      "field": "density",
      "sheet": 5429.0,
      "horizons": 5427.0,
      "diff": 0.00037
    },
    {
      "body": "venus",
      "field": "massKg",
      "sheet": 4.8673e+24,
      "horizons": 4.8685e+24,
      "diff": 0.00025
    },
    {
      "body": "venus",
      "field": "radiusKm",
      "sheet": 6051.8,
      "horizons": 6051.84,
      "diff": 1e-05
    },
    {
      "body": "venus",
      "field": "density",
      "sheet": 5243.0,
      "horizons": 5204.0,
      "diff": 0.00749
    },
    {
      "body": "earth",
      "field": "massKg",
      "sheet": 5.9722e+24,
      "horizons": 5.97219e+24,
      "diff": 0.0
    },
    {
      "body": "earth",
      "field": "radiusKm",
      "sheet": 6371.0,
      "horizons": 6371.01,
      "diff": 0.0
    },
    {
      "body": "earth",
      "field": "density",
      "sheet": 5513.0,
      "horizons": 5510.0,
      "diff": 0.00054
    },
    {
      "body": "mars",
      "field": "massKg",
      "sheet": 6.4169e+23,
      "horizons": 6.417099999999999e+23,
      "diff": 3e-05
    },
    {
      "body": "mars",
      "field": "radiusKm",
      "sheet": 3389.5,
      "horizons": 3389.92,
      "diff": 0.00012
    },
    {
      "body": "mars",
      "field": "density",
      "sheet": 3934.0,
      "horizons": 3933.0,
      "diff": 0.00025
    },
    {
      "body": "jupiter",
      "field": "massKg",
      "sheet": 1.89813e+27,
      "horizons": 1.89819e+27,
      "diff": 3e-05
    },
    {
      "body": "jupiter",
      "field": "radiusKm",
      "sheet": 69911.0,
      "horizons": 69911.0,
      "diff": 0.0
    },
    {
      "body": "jupiter",
      "field": "density",
      "sheet": 1326.0,
      "horizons": 1326.2,
      "diff": 0.00015
    },
    {
      "body": "saturn",
      "field": "massKg",
      "sheet": 5.6832000000000005e+26,
      "horizons": 5.6834e+26,
      "diff": 4e-05
    },
    {
      "body": "saturn",
      "field": "radiusKm",
      "sheet": 58232.0,
      "horizons": 58232.0,
      "diff": 0.0
    },
    {
      "body": "saturn",
      "field": "density",
      "sheet": 687.0,
      "horizons": 687.0,
      "diff": 0.0
    },
    {
      "body": "uranus",
      "field": "massKg",
      "sheet": 8.6811e+25,
      "horizons": 8.6813e+25,
      "diff": 2e-05
    },
    {
      "body": "uranus",
      "field": "radiusKm",
      "sheet": 25362.0,
      "horizons": 25362.0,
      "diff": 0.0
    },
    {
      "body": "uranus",
      "field": "density",
      "sheet": 1270.0,
      "horizons": 1271.0,
      "diff": 0.00079
    },
    {
      "body": "neptune",
      "field": "massKg",
      "sheet": 1.02409e+26,
      "horizons": 1.02409e+26,
      "diff": 0.0
    },
    {
      "body": "neptune",
      "field": "radiusKm",
      "sheet": 24622.0,
      "horizons": 24624.0,
      "diff": 8e-05
    },
    {
      "body": "neptune",
      "field": "density",
      "sheet": 1638.0,
      "horizons": 1638.0,
      "diff": 0.0
    },
    {
      "body": "pluto",
      "field": "massKg",
      "sheet": 1.303e+22,
      "horizons": 1.3069999999999998e+22,
      "diff": 0.00306
    },
    {
      "body": "pluto",
      "field": "radiusKm",
      "sheet": 1188.0,
      "horizons": 1188.3,
      "diff": 0.00025
    },
    {
      "body": "pluto",
      "field": "density",
      "status": "skipped"
    }
  ]
}
