{
  "release": "2026-08-20",
  "bulk_export": "https://download.checklistbank.org/col/monthly/2026-08-20_coldp.zip",
  "bulk_fetched_at": "2026-09-07T21:08:00+00:00",
  "accepted_rows": 2705320,
  "orphaned_rows": 0,
  "tree": {
    "nodes": 35214,
    "with_wiki": 9137,
    "with_image": 5896,
    "wikipedia": 9088,
    "wikidata": 7575,
    "col": 0,
    "generated": 18551
  },
  "genera_files": 14196,
  "genera_files_bytes": 42443300,
  "genera_largest_file": {
    "bytes": 1857942,
    "family": "Formicidae"
  },
  "genera": {
    "nodes": 257389,
    "genera": 204480,
    "enriched": 74480,
    "pending": 182909,
    "with_wiki": 22879,
    "with_image": 18868,
    "wikipedia": 22847,
    "wikidata": 19131,
    "col": 0,
    "generated": 215411,
    "genera_enriched": 21571,
    "genera_with_wiki": 10971
  },
  "genera_enrichment_cap_this_run": 0,
  "genera_looked_up_this_run": 0,
  "genera_still_pending_after_run": 182909,
  "focus_families": [
    "Accipitridae",
    "Amanitaceae",
    "Apidae",
    "Canidae",
    "Corvidae",
    "Crocodylidae",
    "Culicidae",
    "Delphinidae",
    "Elephantidae",
    "Equidae",
    "Fagaceae",
    "Falconidae",
    "Felidae",
    "Formicidae",
    "Hominidae",
    "Lamnidae",
    "Macropodidae",
    "Octopodidae",
    "Ornithorhynchidae",
    "Physeteridae",
    "Pinaceae",
    "Rosaceae",
    "Salamandridae",
    "Salmonidae",
    "Spheniscidae",
    "Strigidae",
    "Testudinidae",
    "Theraphosidae",
    "Ursidae",
    "Varanidae"
  ],
  "seconds": 47
}
